OK: 2026-06-13T17:08:44.722Z